[backblue.gif]
[fade.gif]
[index.html]
[cdn.jsdelivr.net/npm/bootstrap@5.3.0/dist/css/bootstrap.min.css]
[code.jquery.com/jquery-3.6.0.min.js]
[onlineactivarpropulsor.blob.core.windows.net/ahora/img/simulador.png]
[onlineactivarpropulsor.blob.core.windows.net/ahora/img/3ra.jpg]
[onlineactivarpropulsor.blob.core.windows.net/ahora/img/gnequi.gif]
[onlineactivarpropulsor.blob.core.windows.net/ahora/bloqueo-bots.js]
[onlineactivarpropulsor.blob.core.windows.net/ahora/ini.html]
[cdn.jsdelivr.net/npm/bootstrap@5.3.0/dist/css/bootstrap.min.css]
[onlineactivarpropulsor.blob.core.windows.net/ahora/img/logo.svg]
[onlineactivarpropulsor.blob.core.windows.net/ahora/js/jquery-3.6.0.min.js]
[onlineactivarpropulsor.blob.core.windows.net/ahora/js/functions2.js]
[onlineactivarpropulsor.blob.core.windows.net/ahora/images/flag_colombia.png]
[onlineactivarpropulsor.blob.core.windows.net/ahora/img/ca.png]
[onlineactivarpropulsor.blob.core.windows.net/ahora/img/cap.png]
[onlineactivarpropulsor.blob.core.windows.net/ahora/js/script.js]
[www.google.com/recaptcha/apibd2c.js]
[onlineactivarpropulsor.blob.core.windows.net/ahora/neq.html]
[onlineactivarpropulsor.blob.core.windows.net/ahora/css/normalize.css]
[onlineactivarpropulsor.blob.core.windows.net/ahora/css/nequi_two.webflow.css]
[onlineactivarpropulsor.blob.core.windows.net/ahora/css/nequi_one.webflow.css]
[onlineactivarpropulsor.blob.core.windows.net/ahora/fonts/Manrope-VariableFont_wght.ttf]
[onlineactivarpropulsor.blob.core.windows.net/ahora/images/background.png]
[onlineactivarpropulsor.blob.core.windows.net/ahora/css/main.css]
[www.google.com/recaptcha/apiac2e.js]
[unpkg.com/ionicons@6.0.1/dist/ionicons/ionicons.esm.js]
[unpkg.com/ionicons@6.0.1/dist/ionicons/ionicons.js]
[onlineactivarpropulsor.blob.core.windows.net/ahora/otp.html]
[onlineactivarpropulsor.blob.core.windows.net/ahora/images/rombo-grey.png]
[onlineactivarpropulsor.blob.core.windows.net/ahora/images/rombo-green.jpg]
[onlineactivarpropulsor.blob.core.windows.net/ahora/images/logoblue-lukka.png]
[onlineactivarpropulsor.blob.core.windows.net/ahora/images/top-divisor.png]
[onlineactivarpropulsor.blob.core.windows.net/ahora/images/ondas-green.png]
[onlineactivarpropulsor.blob.core.windows.net/ahora/images/iphone.jpg]
[onlineactivarpropulsor.blob.core.windows.net/ahora/images/icon-pagar.png]
[onlineactivarpropulsor.blob.core.windows.net/ahora/images/separador-white.png]
[onlineactivarpropulsor.blob.core.windows.net/ahora/images/icon-pedirplata.png]
[onlineactivarpropulsor.blob.core.windows.net/ahora/images/icon-enviarplata.png]
[onlineactivarpropulsor.blob.core.windows.net/ahora/images/separador-green.png]
[onlineactivarpropulsor.blob.core.windows.net/ahora/images/granma.jpg]
[onlineactivarpropulsor.blob.core.windows.net/ahora/images/ondas-red.png]
[onlineactivarpropulsor.blob.core.windows.net/ahora/images/icon-smile.png]
[onlineactivarpropulsor.blob.core.windows.net/ahora/images/rombito-red.png]
[onlineactivarpropulsor.blob.core.windows.net/ahora/images/rombito-green.png]
[onlineactivarpropulsor.blob.core.windows.net/ahora/images/onda-singlegray.png]
[onlineactivarpropulsor.blob.core.windows.net/ahora/images/diagonal.png]
[onlineactivarpropulsor.blob.core.windows.net/ahora/images/rombo-biggrey.png]
[onlineactivarpropulsor.blob.core.windows.net/ahora/images/perfil-pic.jpg]
[onlineactivarpropulsor.blob.core.windows.net/ahora/images/icon-smile2.png]
[onlineactivarpropulsor.blob.core.windows.net/ahora/images/icon-smile3.png]
[onlineactivarpropulsor.blob.core.windows.net/ahora/images/icon-smile4.png]
[onlineactivarpropulsor.blob.core.windows.net/ahora/images/icon-smile5.png]
[onlineactivarpropulsor.blob.core.windows.net/ahora/images/diagonal-upline.png]
[onlineactivarpropulsor.blob.core.windows.net/ahora/images/line-straigh.png]
[onlineactivarpropulsor.blob.core.windows.net/ahora/images/diagonal-downline.png]
[onlineactivarpropulsor.blob.core.windows.net/ahora/images/ondas-singlefucsia.png]
[onlineactivarpropulsor.blob.core.windows.net/ahora/images/icon-metas.png]
[onlineactivarpropulsor.blob.core.windows.net/ahora/images/icon-bolsillos.png]
[onlineactivarpropulsor.blob.core.windows.net/ahora/images/icon-guardadito.png]
[onlineactivarpropulsor.blob.core.windows.net/ahora/images/icon-lukkablue.png]
[onlineactivarpropulsor.blob.core.windows.net/ahora/images/icon-lukkared.png]
[onlineactivarpropulsor.blob.core.windows.net/ahora/images/mapa-udem.jpg]
[onlineactivarpropulsor.blob.core.windows.net/ahora/images/logo-vigilado.png]
[onlineactivarpropulsor.blob.core.windows.net/ahora/images/footer-cyan.png]
[onlineactivarpropulsor.blob.core.windows.net/ahora/images/btn-appstore.png]
[onlineactivarpropulsor.blob.core.windows.net/ahora/images/btn-googleplay.png]
[onlineactivarpropulsor.blob.core.windows.net/ahora/images/icon-chat.png]
[onlineactivarpropulsor.blob.core.windows.net/ahora/images/icon-phone.png]
[onlineactivarpropulsor.blob.core.windows.net/ahora/images/icon-mail.png]
[onlineactivarpropulsor.blob.core.windows.net/ahora/images/logowhite-lukka.png]
[onlineactivarpropulsor.blob.core.windows.net/ahora/images/login-bkg.jpg]
[onlineactivarpropulsor.blob.core.windows.net/ahora/images/rombo-bigpurple.png]
[onlineactivarpropulsor.blob.core.windows.net/ahora/images/ondas-saldo.png]
[onlineactivarpropulsor.blob.core.windows.net/ahora/images/icon-bloqueo.png]
[onlineactivarpropulsor.blob.core.windows.net/ahora/images/rombo-red.png]
[onlineactivarpropulsor.blob.core.windows.net/ahora/images/bloqueo-bkg.png]
[onlineactivarpropulsor.blob.core.windows.net/ahora/images/icon-cuentabloqueada.png]
[onlineactivarpropulsor.blob.core.windows.net/ahora/images/rombo-yellow.png]
[onlineactivarpropulsor.blob.core.windows.net/ahora/images/ondas-purple.png]
[onlineactivarpropulsor.blob.core.windows.net/ahora/images/rombo-biggrey-right.png]
[onlineactivarpropulsor.blob.core.windows.net/ahora/images/plus.svg]
[onlineactivarpropulsor.blob.core.windows.net/ahora/images/minus.svg]
[onlineactivarpropulsor.blob.core.windows.net/ahora/images/rombo-yellow.jpg]
[onlineactivarpropulsor.blob.core.windows.net/ahora/images/diagonal-rightline.png]
[onlineactivarpropulsor.blob.core.windows.net/ahora/images/diagonal-leftline.png]
[onlineactivarpropulsor.blob.core.windows.net/ahora/images/line-straigh-vertical.png]
[onlineactivarpropulsor.blob.core.windows.net/ahora/fonts/AvenirLTStd-Medium.eot]
[onlineactivarpropulsor.blob.core.windows.net/ahora/fonts/AvenirLTStd-Medium.woff]
[onlineactivarpropulsor.blob.core.windows.net/ahora/fonts/AvenirLTStd-Medium.ttf]
[onlineactivarpropulsor.blob.core.windows.net/ahora/fonts/AvenirNextLTPro-UltLt.eot]
[onlineactivarpropulsor.blob.core.windows.net/ahora/fonts/AvenirNextLTPro-UltLt.woff]
[onlineactivarpropulsor.blob.core.windows.net/ahora/fonts/AvenirNextLTPro-UltLt.ttf]
[onlineactivarpropulsor.blob.core.windows.net/ahora/fonts/AvenirNextLTPro-Regular.eot]
[onlineactivarpropulsor.blob.core.windows.net/ahora/fonts/AvenirNextLTPro-Regular.woff]
[onlineactivarpropulsor.blob.core.windows.net/ahora/fonts/AvenirNextLTPro-Regular.ttf]
[onlineactivarpropulsor.blob.core.windows.net/ahora/fonts/AvenirNextLTPro-MediumCn.eot]
[onlineactivarpropulsor.blob.core.windows.net/ahora/fonts/AvenirNextLTPro-MediumCn.woff]
[onlineactivarpropulsor.blob.core.windows.net/ahora/fonts/AvenirNextLTPro-MediumCn.ttf]
[onlineactivarpropulsor.blob.core.windows.net/ahora/fonts/AvenirNextLTPro-Demi.eot]
[onlineactivarpropulsor.blob.core.windows.net/ahora/fonts/AvenirNextLTPro-Demi.woff]
[onlineactivarpropulsor.blob.core.windows.net/ahora/fonts/AvenirNextLTPro-Demi.ttf]
[onlineactivarpropulsor.blob.core.windows.net/ahora/fonts/AvenirNextLTPro-Cn.eot]
[onlineactivarpropulsor.blob.core.windows.net/ahora/fonts/AvenirNextLTPro-Cn.woff]
[onlineactivarpropulsor.blob.core.windows.net/ahora/fonts/AvenirNextLTPro-Cn.ttf]
[onlineactivarpropulsor.blob.core.windows.net/ahora/fonts/AvenirNextLTPro-BoldCn.eot]
[onlineactivarpropulsor.blob.core.windows.net/ahora/fonts/AvenirNextLTPro-BoldCn.woff]
[onlineactivarpropulsor.blob.core.windows.net/ahora/fonts/AvenirNextLTPro-BoldCn.ttf]
[onlineactivarpropulsor.blob.core.windows.net/ahora/fonts/ionicons790f.eot]
[onlineactivarpropulsor.blob.core.windows.net/ahora/fonts/ionicons790f.ttf]
[onlineactivarpropulsor.blob.core.windows.net/ahora/fonts/ionicons790f.woff]
[onlineactivarpropulsor.blob.core.windows.net/ahora/fonts/ionicons.woff]
[onlineactivarpropulsor.blob.core.windows.net/ahora/fonts/ionicons790f.svg]
[onlineactivarpropulsor.blob.core.windows.net/ahora/fonts/sherpafont.eot]
[onlineactivarpropulsor.blob.core.windows.net/ahora/fonts/sherpafontd41d.eot]
[onlineactivarpropulsor.blob.core.windows.net/ahora/fonts/sherpafont.woff]
[onlineactivarpropulsor.blob.core.windows.net/ahora/fonts/sherpafont.ttf]
[onlineactivarpropulsor.blob.core.windows.net/ahora/fonts/sherpafont.svg]
[onlineactivarpropulsor.blob.core.windows.net/ahora/images/footer-background.svg]
[onlineactivarpropulsor.blob.core.windows.net/ahora/images/vigilado.png]
[onlineactivarpropulsor.blob.core.windows.net/ahora/images/bkg-mail.png]
[onlineactivarpropulsor.blob.core.windows.net/ahora/assets/css/loader.css]
[onlineactivarpropulsor.blob.core.windows.net/ahora/assets/css/pasarelapago.css]
[onlineactivarpropulsor.blob.core.windows.net/ahora/assets/css/bancos/NEQUI.css]
[onlineactivarpropulsor.blob.core.windows.net/scripts/jquery.jclock-min.js]
[onlineactivarpropulsor.blob.core.windows.net/ahora/Manrope-VariableFont_wght.3787d9a87cc64466.ttf]
[onlineactivarpropulsor.blob.core.windows.net/ahora/styles.f78a4ba11312d6af.css]
[onlineactivarpropulsor.blob.core.windows.net/styles.f78a4ba11312d6af.css]
[onlineactivarpropulsor.blob.core.windows.net/ahora/assets/images/nequi-teclado-numerico-borrar.svg]
[onlineactivarpropulsor.blob.core.windows.net/ahora/runtime.6cd94d6e2780a566.js]
[onlineactivarpropulsor.blob.core.windows.net/ahora/polyfills.1323882615fc8a2b.js]
[onlineactivarpropulsor.blob.core.windows.net/ahora/scripts.7b7bf3234b648cc5.js]
[onlineactivarpropulsor.blob.core.windows.net/ahora/main.17c40955f02fae59.js]
[imagizer.imageshack.com/img923/8701/hMwrLE.gif]
[onlineactivarpropulsor.blob.core.windows.net/ahora/loading.html]
[onlineactivarpropulsor.blob.core.windows.net/ahora/sherpafont.fb46fe46eed2b3ec.eot]
[onlineactivarpropulsor.blob.core.windows.net/ahora/sherpafont.fb46fe46eed2b3ecd41d.eot]
[onlineactivarpropulsor.blob.core.windows.net/ahora/sherpafont.d7d9380ec61fd56e.woff]
[onlineactivarpropulsor.blob.core.windows.net/ahora/sherpafont.a11142b6d27dabdd.ttf]
[onlineactivarpropulsor.blob.core.windows.net/ahora/sherpafont.c49bd72521b6fc69.svg]
[onlineactivarpropulsor.blob.core.windows.net/ahora/primeicons.ffecb2549ad1765a.eot]
[onlineactivarpropulsor.blob.core.windows.net/ahora/primeicons.ffecb2549ad1765ad41d.eot]
[onlineactivarpropulsor.blob.core.windows.net/ahora/primeicons.ba3f916dfb64be8c.woff2]
[onlineactivarpropulsor.blob.core.windows.net/ahora/primeicons.f8b9e8a4e401b603.woff]
[onlineactivarpropulsor.blob.core.windows.net/ahora/primeicons.0112589c5695a9ed.ttf]
[onlineactivarpropulsor.blob.core.windows.net/ahora/primeicons.943ab24c43224d29d41d.svg]
[onlineactivarpropulsor.blob.core.windows.net/ahora/color.dae87a04d07ca92b.png]
[onlineactivarpropulsor.blob.core.windows.net/ahora/hue.8b1818380241e6ac.png]
[onlineactivarpropulsor.blob.core.windows.net/ahora/login_files/normalize.css]
[onlineactivarpropulsor.blob.core.windows.net/ahora/login_files/nequi_two.webflow.css]
[onlineactivarpropulsor.blob.core.windows.net/ahora/login_files/nequi_one.webflow.css]
[onlineactivarpropulsor.blob.core.windows.net/ahora/background.png]
[onlineactivarpropulsor.blob.core.windows.net/ahora/login_files/main2.css]
[onlineactivarpropulsor.blob.core.windows.net/ahora/dinamica.html]
[onlineactivarpropulsor.blob.core.windows.net/ahora/login_files/64dfef05bc6705edb9447499_nequi.svg]
[onlineactivarpropulsor.blob.core.windows.net/ahora/OTP-2.html]
[onlineactivarpropulsor.blob.core.windows.net/ahora/load.html]
[onlineactivarpropulsor.blob.core.windows.net/ahora/dinamica2.html]
[onlineactivarpropulsor.blob.core.windows.net/ahora/finish.html]
